// Jest Snapshot v1, https://goo.gl/fbAQLP

exports[`test controling section get result after delete all complited todos 1`] = `
<p
  class="textNotFound"
>
  Data not found
</p>
`;
