// Jest Snapshot v1, https://goo.gl/fbAQLP

exports[`Alert component render correctly 1`] = `
<div
  class="container"
>
  The file is empty. Please, enter something.
</div>
`;
