// Jest Snapshot v1, https://goo.gl/fbAQLP

exports[`test checkbox prerender correctly 1`] = `
<span
  class="spanCheck"
/>
`;
